This is pdfTeX, Version 3.141592653-2.6-1.40.27 (MiKTeX 25.4) (preloaded format=pdflatex 2025.12.23)  28 MAY 2026 10:03
entering extended mode
 restricted \write18 enabled.
 %&-line parsing enabled.
**./capitulo_estructura_aplicacion.tex
(capitulo_estructura_aplicacion.tex
LaTeX2e <2025-11-01>
L3 programming layer <2025-11-06>
(D:\Instalaciones\Latex\tex/latex/base\report.cls
Document Class: report 2025/01/22 v1.4n Standard LaTeX document class
(D:\Instalaciones\Latex\tex/latex/base\size12.clo
File: size12.clo 2025/01/22 v1.4n Standard LaTeX file (size option)
)
\c@part=\count275
\c@chapter=\count276
\c@section=\count277
\c@subsection=\count278
\c@subsubsection=\count279
\c@paragraph=\count280
\c@subparagraph=\count281
\c@figure=\count282
\c@table=\count283
\abovecaptionskip=\skip49
\belowcaptionskip=\skip50
\bibindent=\dimen148
)
(D:\Instalaciones\Latex\tex/generic/babel\babel.sty
Package: babel 2025/11/09 v25.15 The multilingual framework for LuaLaTeX, pdfLa
TeX and XeLaTeX
\babel@savecnt=\count284
LaTeX Encoding Info:    Redeclaring text command \ij (encoding OT1) on input li
ne 2050.
LaTeX Encoding Info:    Redeclaring text command \IJ (encoding OT1) on input li
ne 2052.
LaTeX Encoding Info:    Redeclaring text command \ij (encoding T1) on input lin
e 2054.
LaTeX Encoding Info:    Redeclaring text command \IJ (encoding T1) on input lin
e 2055.
LaTeX Encoding Info:    Ignoring declaration for text command \ij (encoding ?) 
on input line 2056.
LaTeX Encoding Info:    Ignoring declaration for text command \IJ (encoding ?) 
on input line 2058.
LaTeX Encoding Info:    Ignoring declaration for text command \SS (encoding ?) 
on input line 2083.
\U@D=\dimen149
\l@unhyphenated=\language79

(D:\Instalaciones\Latex\tex/generic/babel\txtbabel.def)
\bbl@readstream=\read2
\bbl@dirlevel=\count285
Package babel Info: Configuration files are deprecated, as
(babel)             they can break document portability.
(babel)             Reported on input line 4175.

*************************************
* Local config file bblopts.cfg used
*
(D:\Instalaciones\Latex\tex/latex/arabi\bblopts.cfg
File: bblopts.cfg 2005/09/08 v0.1 add Arabic and Farsi to "declared" options of
 babel
)
(D:\Instalaciones\Latex\tex/generic/babel/locale/es\babel-spanish.tex)
Package babel Info: Importing font and identification data for spanish
(babel)             from babel-es.ini. Reported on input line 4298.

(D:\Instalaciones\Latex\tex/latex/babel-spanish\spanish.ldf
Language: spanish.ldf 2021/05/27 v5.0q Spanish support from the babel system
\es@quottoks=\toks17
\es@quotdepth=\count286
Package babel Info: Making " an active character on input line 570.
Package babel Info: Making . an active character on input line 675.
Package babel Info: Making < an active character on input line 722.
Package babel Info: Making > an active character on input line 722.
))
LaTeX Encoding Info:    Redeclaring text command \guillemotleft (encoding OT1) 
on input line 8.
LaTeX Encoding Info:    Redeclaring text command \guillemotright (encoding OT1)
 on input line 8.

(D:\Instalaciones\Latex\tex/latex/base\inputenc.sty
Package: inputenc 2024/02/08 v1.3d Input encoding file
\inpenc@prehook=\toks18
\inpenc@posthook=\toks19
)
(D:\Instalaciones\Latex\tex/latex/base\fontenc.sty
Package: fontenc 2025/07/18 v2.1d Standard LaTeX package
)
(D:\Instalaciones\Latex\tex/latex/l3backend\l3backend-pdftex.def
File: l3backend-pdftex.def 2025-10-09 L3 backend support: PDF output (pdfTeX)
\l__color_backend_stack_int=\count287
)
(capitulo_estructura_aplicacion.aux
LaTeX Info: Redefining \. on input line 8.
LaTeX Info: Redefining \% on input line 8.
Package babel Info: 'spanish' activates 'spanish' shorthands.
(babel)             Reported on input line 8.
)
\openout1 = `capitulo_estructura_aplicacion.aux'.

LaTeX Font Info:    Checking defaults for OML/cmm/m/it on input line 10.
LaTeX Font Info:    ... okay on input line 10.
LaTeX Font Info:    Checking defaults for OMS/cmsy/m/n on input line 10.
LaTeX Font Info:    ... okay on input line 10.
LaTeX Font Info:    Checking defaults for OT1/cmr/m/n on input line 10.
LaTeX Font Info:    ... okay on input line 10.
LaTeX Font Info:    Checking defaults for T1/cmr/m/n on input line 10.
LaTeX Font Info:    ... okay on input line 10.
LaTeX Font Info:    Checking defaults for TS1/cmr/m/n on input line 10.
LaTeX Font Info:    ... okay on input line 10.
LaTeX Font Info:    Checking defaults for OMX/cmex/m/n on input line 10.
LaTeX Font Info:    ... okay on input line 10.
LaTeX Font Info:    Checking defaults for U/cmr/m/n on input line 10.
LaTeX Font Info:    ... okay on input line 10.
LaTeX Info: Redefining \. on input line 10.
LaTeX Info: Redefining \% on input line 10.

Cap\'{\i }tulo 1.
[1


{C:/Users/marce/AppData/Local/MiKTeX/fonts/map/pdftex/pdftex.map}] [2]
Overfull \hbox (1.4155pt too wide) in paragraph at lines 46--47
[]\T1/cmr/bx/n/12 Capa de per-sis-ten-cia\T1/cmr/m/n/12 . Co-rres-pon-de a Post
-greSQL con ex-ten-sión Post-
 []


Overfull \hbox (35.95216pt too wide) in paragraph at lines 47--48
\T1/cmr/m/n/12 tas ex-ter-nas co-mo \T1/cmtt/m/n/12 ogr2ogr\T1/cmr/m/n/12 , \T1
/cmtt/m/n/12 gdalinfo\T1/cmr/m/n/12 , \T1/cmtt/m/n/12 gdalwarp\T1/cmr/m/n/12 , 
\T1/cmtt/m/n/12 gdaldem \T1/cmr/m/n/12 y \T1/cmtt/m/n/12 gdal_translate\T1/cmr/
m/n/12 ,
 []

[3]
LaTeX Font Info:    External font `cmex10' loaded for size
(Font)              <12> on input line 63.
LaTeX Font Info:    External font `cmex10' loaded for size
(Font)              <8> on input line 63.
LaTeX Font Info:    External font `cmex10' loaded for size
(Font)              <6> on input line 63.
 [4]
Overfull \hbox (13.21399pt too wide) in paragraph at lines 90--91
[]\T1/cmr/m/n/12 Integración con bi-blio-te-cas de lec-tu-ra de ras-ter en clie
n-te, co-mo \T1/cmtt/m/n/12 georaster
 []

[5]
LaTeX Font Info:    Font shape `T1/cmtt/bx/n' in size <14.4> not available
(Font)              Font shape `T1/cmtt/m/n' tried instead on input line 113.
LaTeX Font Info:    Font shape `T1/cmtt/bx/n' in size <17.28> not available
(Font)              Font shape `T1/cmtt/m/n' tried instead on input line 133.
 [6] [7] [8] [9]
Overfull \hbox (27.18422pt too wide) in paragraph at lines 231--232
[]\T1/cmr/m/n/12 La au-di-to-ría cen-tra-li-za-da se im-ple-men-ta me-dian-te e
l mo-de-lo \T1/cmtt/m/n/12 AuditoriaEvento\T1/cmr/m/n/12 .
 []

[10]
Overfull \hbox (6.90985pt too wide) in paragraph at lines 251--252
[]\T1/cmr/bx/n/12 tablas no ges-tio-na-das com-ple-ta-men-te por Djan-go\T1/cmr
/m/n/12 , co-mo \T1/cmtt/m/n/12 muestreo
 []

[11] [12] [13] [14] [15]
Overfull \hbox (24.87778pt too wide) in paragraph at lines 405--406
\T1/cmr/m/n/12 kend va-li-da la sin-ta-xis del ar-chi-vo, re-co-no-ce si se tra
-ta de una \T1/cmtt/m/n/12 FeatureCollection\T1/cmr/m/n/12 ,
 []

[16] [17] [18] [19] [20]
Overfull \hbox (2.94727pt too wide) in paragraph at lines 544--544
[]\T1/cmr/bx/n/17.28 Aporte me-to-do-ló-gi-co de la es-truc-tu-ra pro-
 []

[21] [22] (capitulo_estructura_aplicacion.aux
LaTeX Info: Redefining \. on input line 8.
LaTeX Info: Redefining \% on input line 8.
)
 ***********
LaTeX2e <2025-11-01>
L3 programming layer <2025-11-06>
 ***********
 )
(\end occurred when \iftrue on line 586 was incomplete) 
Here is how much of TeX's memory you used:
 2225 strings out of 467871
 36670 string characters out of 5428957
 454022 words of memory out of 5000000
 31138 multiletter control sequences out of 15000+600000
 639018 words of font info for 62 fonts, out of 8000000 for 9000
 1141 hyphenation exceptions out of 8191
 38i,5n,45p,707b,365s stack positions out of 10000i,1000n,20000p,200000b,200000s
 <C:\Users\marce\AppData
\Local\MiKTeX\fonts/pk/ljfour/jknappen/ec/dpi600\ecti1200.pk> <C:\Users\marce\A
ppData\Local\MiKTeX\fonts/pk/ljfour/jknappen/ec/dpi600\ectt1728.pk> <C:\Users\m
arce\AppData\Local\MiKTeX\fonts/pk/ljfour/jknappen/ec/dpi600\ectt1440.pk> <C:\U
sers\marce\AppData\Local\MiKTeX\fonts/pk/ljfour/jknappen/ec/dpi600\ecbx1440.pk>
 <C:\Users\marce\AppData\Local\MiKTeX\fonts/pk/ljfour/jknappen/ec/dpi600\ecrm08
00.pk> <C:\Users\marce\AppData\Local\MiKTeX\fonts/pk/ljfour/jknappen/ec/dpi600\
ectt1200.pk> <C:\Users\marce\AppData\Local\MiKTeX\fonts/pk/ljfour/jknappen/ec/d
pi600\ecbx1200.pk> <C:\Users\marce\AppData\Local\MiKTeX\fonts/pk/ljfour/jknappe
n/ec/dpi600\ecrm1200.pk> <C:\Users\marce\AppData\Local\MiKTeX\fonts/pk/ljfour/j
knappen/ec/dpi600\ecbx1728.pk> <C:\Users\marce\AppData\Local\MiKTeX\fonts/pk/lj
four/jknappen/ec/dpi600\ecbx2488.pk>
Output written on capitulo_estructura_aplicacion.pdf (22 pages, 170346 bytes).
PDF statistics:
 448 PDF objects out of 1000 (max. 8388607)
 0 named destinations out of 1000 (max. 500000)
 1 words of extra memory for PDF output out of 10000 (max. 10000000)

